../Core/Src/nanomodbus.c:43:16:get_1	24	static
../Core/Src/nanomodbus.c:50:13:put_1	16	static
../Core/Src/nanomodbus.c:56:13:discard_1	16	static
../Core/Src/nanomodbus.c:63:13:discard_n	16	static
../Core/Src/nanomodbus.c:70:17:get_2	24	static
../Core/Src/nanomodbus.c:78:13:put_2	16	static
../Core/Src/nanomodbus.c:87:13:set_1	16	static
../Core/Src/nanomodbus.c:92:13:set_2	16	static
../Core/Src/nanomodbus.c:100:17:get_n	24	static
../Core/Src/nanomodbus.c:109:13:put_n	24	static
../Core/Src/nanomodbus.c:117:18:get_regs	24	static
../Core/Src/nanomodbus.c:130:13:put_regs	32	static
../Core/Src/nanomodbus.c:140:13:swap_regs	16	static
../Core/Src/nanomodbus.c:147:13:msg_buf_reset	16	static
../Core/Src/nanomodbus.c:152:13:msg_state_reset	16	static
../Core/Src/nanomodbus.c:163:13:msg_state_req	24	static
../Core/Src/nanomodbus.c:182:12:nmbs_create	24	static
../Core/Src/nanomodbus.c:206:6:nmbs_set_read_timeout	16	static
../Core/Src/nanomodbus.c:211:6:nmbs_set_byte_timeout	16	static
../Core/Src/nanomodbus.c:216:6:nmbs_platform_conf_create	16	static
../Core/Src/nanomodbus.c:224:6:nmbs_set_destination_rtu_address	16	static
../Core/Src/nanomodbus.c:229:6:nmbs_set_platform_arg	16	static
../Core/Src/nanomodbus.c:234:10:nmbs_crc_calc	40	static
../Core/Src/nanomodbus.c:253:19:recv	32	static
../Core/Src/nanomodbus.c:271:19:send	32	static
../Core/Src/nanomodbus.c:288:19:recv_msg_footer	32	static
../Core/Src/nanomodbus.c:308:19:recv_msg_header	40	static
../Core/Src/nanomodbus.c:372:13:put_msg_header	16	static
../Core/Src/nanomodbus.c:391:13:set_msg_header_size	16	static
../Core/Src/nanomodbus.c:401:19:send_msg	40	static
../Core/Src/nanomodbus.c:416:19:recv_req_header	32	static
../Core/Src/nanomodbus.c:435:13:put_res_header	16	static
../Core/Src/nanomodbus.c:441:19:send_exception_msg	16	static
../Core/Src/nanomodbus.c:453:19:recv_res_header	32	static
../Core/Src/nanomodbus.c:500:13:put_req_header	16	static
../Core/Src/nanomodbus.c:521:19:recv_read_discrete_res	32	static
../Core/Src/nanomodbus.c:561:19:recv_read_registers_res	40	static
../Core/Src/nanomodbus.c:600:12:recv_write_single_coil_res	32	static
../Core/Src/nanomodbus.c:628:12:recv_write_single_register_res	32	static
../Core/Src/nanomodbus.c:655:12:recv_write_multiple_coils_res	32	static
../Core/Src/nanomodbus.c:682:12:recv_write_multiple_registers_res	32	static
../Core/Src/nanomodbus.c:709:12:recv_read_file_record_res	40	static
../Core/Src/nanomodbus.c:750:12:recv_write_file_record_res	48	static
../Core/Src/nanomodbus.c:802:12:recv_read_device_identification_res	56	static
../Core/Src/nanomodbus.c:884:19:handle_read_discrete	304	static
../Core/Src/nanomodbus.c:949:19:handle_read_registers	304	static
../Core/Src/nanomodbus.c:1015:19:handle_read_coils	16	static
../Core/Src/nanomodbus.c:1022:19:handle_read_discrete_inputs	16	static
../Core/Src/nanomodbus.c:1029:19:handle_read_holding_registers	16	static
../Core/Src/nanomodbus.c:1036:19:handle_read_input_registers	16	static
../Core/Src/nanomodbus.c:1043:19:handle_write_single_coil	40	static
../Core/Src/nanomodbus.c:1097:19:handle_write_single_register	40	static
../Core/Src/nanomodbus.c:1147:19:handle_write_multiple_coils	304	static
../Core/Src/nanomodbus.c:1224:19:handle_write_multiple_registers	304	static
../Core/Src/nanomodbus.c:1300:19:handle_read_file_record	88	dynamic
../Core/Src/nanomodbus.c:1410:19:handle_write_file_record	64	static
../Core/Src/nanomodbus.c:1518:19:handle_read_write_registers	144	dynamic
../Core/Src/nanomodbus.c:1624:19:handle_read_device_identification	232	static
../Core/Src/nanomodbus.c:1787:19:handle_req_fc	32	static
../Core/Src/nanomodbus.c:1871:6:nmbs_callbacks_create	16	static
../Core/Src/nanomodbus.c:1877:12:nmbs_server_create	40	static
../Core/Src/nanomodbus.c:1896:12:nmbs_server_poll	40	static
../Core/Src/nanomodbus.c:1932:6:nmbs_set_callbacks_arg	16	static
../Core/Src/nanomodbus.c:1939:12:nmbs_client_create	16	static
../Core/Src/nanomodbus.c:1944:19:read_discrete	40	static
../Core/Src/nanomodbus.c:1967:12:nmbs_read_coils	40	static
../Core/Src/nanomodbus.c:1972:12:nmbs_read_discrete_inputs	40	static
../Core/Src/nanomodbus.c:1976:19:read_registers	40	static
../Core/Src/nanomodbus.c:1999:12:nmbs_read_holding_registers	40	static
../Core/Src/nanomodbus.c:2004:12:nmbs_read_input_registers	40	static
../Core/Src/nanomodbus.c:2009:12:nmbs_write_single_coil	32	static
../Core/Src/nanomodbus.c:2031:12:nmbs_write_single_register	32	static
../Core/Src/nanomodbus.c:2051:12:nmbs_write_multiple_coils	40	static
../Core/Src/nanomodbus.c:2085:12:nmbs_write_multiple_registers	40	static
../Core/Src/nanomodbus.c:2119:12:nmbs_read_file_record	40	static
../Core/Src/nanomodbus.c:2149:12:nmbs_write_file_record	48	static
../Core/Src/nanomodbus.c:2184:12:nmbs_read_write_registers	40	static
../Core/Src/nanomodbus.c:2231:12:nmbs_read_device_identification_basic	80	static
../Core/Src/nanomodbus.c:2267:12:nmbs_read_device_identification_regular	88	static
../Core/Src/nanomodbus.c:2303:12:nmbs_read_device_identification_extended	64	static
../Core/Src/nanomodbus.c:2339:12:nmbs_read_device_identification	56	static
../Core/Src/nanomodbus.c:2358:12:nmbs_send_raw_pdu	40	static
../Core/Src/nanomodbus.c:2372:12:nmbs_receive_raw_pdu_response	40	static
../Core/Src/nanomodbus.c:2400:13:nmbs_strerror	16	static
