Archive member included to satisfy reference by file (symbol)

C:/ST/STM32CubeIDE_1.12.1/STM32CubeIDE/plugins/com.st.stm32cube.ide.mcu.externaltools.gnu-tools-for-stm32.12.3.rel1.win32_1.0.100.202403111256/tools/bin/../lib/gcc/arm-none-eabi/12.3.1/../../../../arm-none-eabi/lib/thumb/v6-m/nofp\libc_nano.a(libc_a-exit.o)
                              C:/ST/STM32CubeIDE_1.12.1/STM32CubeIDE/plugins/com.st.stm32cube.ide.mcu.externaltools.gnu-tools-for-stm32.12.3.rel1.win32_1.0.100.202403111256/tools/bin/../lib/gcc/arm-none-eabi/12.3.1/../../../../arm-none-eabi/lib/thumb/v6-m/nofp/crt0.o (exit)
C:/ST/STM32CubeIDE_1.12.1/STM32CubeIDE/plugins/com.st.stm32cube.ide.mcu.externaltools.gnu-tools-for-stm32.12.3.rel1.win32_1.0.100.202403111256/tools/bin/../lib/gcc/arm-none-eabi/12.3.1/../../../../arm-none-eabi/lib/thumb/v6-m/nofp\libc_nano.a(libc_a-findfp.o)
                              C:/ST/STM32CubeIDE_1.12.1/STM32CubeIDE/plugins/com.st.stm32cube.ide.mcu.externaltools.gnu-tools-for-stm32.12.3.rel1.win32_1.0.100.202403111256/tools/bin/../lib/gcc/arm-none-eabi/12.3.1/../../../../arm-none-eabi/lib/thumb/v6-m/nofp\libc_nano.a(libc_a-exit.o) (__stdio_exit_handler)
C:/ST/STM32CubeIDE_1.12.1/STM32CubeIDE/plugins/com.st.stm32cube.ide.mcu.externaltools.gnu-tools-for-stm32.12.3.rel1.win32_1.0.100.202403111256/tools/bin/../lib/gcc/arm-none-eabi/12.3.1/../../../../arm-none-eabi/lib/thumb/v6-m/nofp\libc_nano.a(libc_a-fwalk.o)
                              C:/ST/STM32CubeIDE_1.12.1/STM32CubeIDE/plugins/com.st.stm32cube.ide.mcu.externaltools.gnu-tools-for-stm32.12.3.rel1.win32_1.0.100.202403111256/tools/bin/../lib/gcc/arm-none-eabi/12.3.1/../../../../arm-none-eabi/lib/thumb/v6-m/nofp\libc_nano.a(libc_a-findfp.o) (_fwalk_sglue)
C:/ST/STM32CubeIDE_1.12.1/STM32CubeIDE/plugins/com.st.stm32cube.ide.mcu.externaltools.gnu-tools-for-stm32.12.3.rel1.win32_1.0.100.202403111256/tools/bin/../lib/gcc/arm-none-eabi/12.3.1/../../../../arm-none-eabi/lib/thumb/v6-m/nofp\libc_nano.a(libc_a-stdio.o)
                              C:/ST/STM32CubeIDE_1.12.1/STM32CubeIDE/plugins/com.st.stm32cube.ide.mcu.externaltools.gnu-tools-for-stm32.12.3.rel1.win32_1.0.100.202403111256/tools/bin/../lib/gcc/arm-none-eabi/12.3.1/../../../../arm-none-eabi/lib/thumb/v6-m/nofp\libc_nano.a(libc_a-findfp.o) (__sread)
C:/ST/STM32CubeIDE_1.12.1/STM32CubeIDE/plugins/com.st.stm32cube.ide.mcu.externaltools.gnu-tools-for-stm32.12.3.rel1.win32_1.0.100.202403111256/tools/bin/../lib/gcc/arm-none-eabi/12.3.1/../../../../arm-none-eabi/lib/thumb/v6-m/nofp\libc_nano.a(libc_a-memcmp.o)
                              ./Core/Src/nanomodbus.o (memcmp)
C:/ST/STM32CubeIDE_1.12.1/STM32CubeIDE/plugins/com.st.stm32cube.ide.mcu.externaltools.gnu-tools-for-stm32.12.3.rel1.win32_1.0.100.202403111256/tools/bin/../lib/gcc/arm-none-eabi/12.3.1/../../../../arm-none-eabi/lib/thumb/v6-m/nofp\libc_nano.a(libc_a-memset.o)
                              C:/ST/STM32CubeIDE_1.12.1/STM32CubeIDE/plugins/com.st.stm32cube.ide.mcu.externaltools.gnu-tools-for-stm32.12.3.rel1.win32_1.0.100.202403111256/tools/bin/../lib/gcc/arm-none-eabi/12.3.1/../../../../arm-none-eabi/lib/thumb/v6-m/nofp/crt0.o (memset)
C:/ST/STM32CubeIDE_1.12.1/STM32CubeIDE/plugins/com.st.stm32cube.ide.mcu.externaltools.gnu-tools-for-stm32.12.3.rel1.win32_1.0.100.202403111256/tools/bin/../lib/gcc/arm-none-eabi/12.3.1/../../../../arm-none-eabi/lib/thumb/v6-m/nofp\libc_nano.a(libc_a-strncpy.o)
                              ./Core/Src/nanomodbus.o (strncpy)
C:/ST/STM32CubeIDE_1.12.1/STM32CubeIDE/plugins/com.st.stm32cube.ide.mcu.externaltools.gnu-tools-for-stm32.12.3.rel1.win32_1.0.100.202403111256/tools/bin/../lib/gcc/arm-none-eabi/12.3.1/../../../../arm-none-eabi/lib/thumb/v6-m/nofp\libc_nano.a(libc_a-closer.o)
                              C:/ST/STM32CubeIDE_1.12.1/STM32CubeIDE/plugins/com.st.stm32cube.ide.mcu.externaltools.gnu-tools-for-stm32.12.3.rel1.win32_1.0.100.202403111256/tools/bin/../lib/gcc/arm-none-eabi/12.3.1/../../../../arm-none-eabi/lib/thumb/v6-m/nofp\libc_nano.a(libc_a-stdio.o) (_close_r)
C:/ST/STM32CubeIDE_1.12.1/STM32CubeIDE/plugins/com.st.stm32cube.ide.mcu.externaltools.gnu-tools-for-stm32.12.3.rel1.win32_1.0.100.202403111256/tools/bin/../lib/gcc/arm-none-eabi/12.3.1/../../../../arm-none-eabi/lib/thumb/v6-m/nofp\libc_nano.a(libc_a-reent.o)
                              C:/ST/STM32CubeIDE_1.12.1/STM32CubeIDE/plugins/com.st.stm32cube.ide.mcu.externaltools.gnu-tools-for-stm32.12.3.rel1.win32_1.0.100.202403111256/tools/bin/../lib/gcc/arm-none-eabi/12.3.1/../../../../arm-none-eabi/lib/thumb/v6-m/nofp\libc_nano.a(libc_a-closer.o) (errno)
C:/ST/STM32CubeIDE_1.12.1/STM32CubeIDE/plugins/com.st.stm32cube.ide.mcu.externaltools.gnu-tools-for-stm32.12.3.rel1.win32_1.0.100.202403111256/tools/bin/../lib/gcc/arm-none-eabi/12.3.1/../../../../arm-none-eabi/lib/thumb/v6-m/nofp\libc_nano.a(libc_a-impure.o)
[...]
Memory Configuration

Name             Origin             Length             Attributes
RAM              0x20000000         0x00002000         xrw
FLASH            0x08000000         0x00010000         xr
*default*        0x00000000         0xffffffff

Linker script and memory map

LOAD C:/ST/STM32CubeIDE_1.12.1/STM32CubeIDE/plugins/com.st.stm32cube.ide.mcu.externaltools.gnu-tools-for-stm32.12.3.rel1.win32_1.0.100.202403111256/tools/bin/../lib/gcc/arm-none-eabi/12.3.1/thumb/v6-m/nofp/crti.o
LOAD C:/ST/STM32CubeIDE_1.12.1/STM32CubeIDE/plugins/com.st.stm32cube.ide.mcu.externaltools.gnu-tools-for-stm32.12.3.rel1.win32_1.0.100.202403111256/tools/bin/../lib/gcc/arm-none-eabi/12.3.1/thumb/v6-m/nofp/crtbegin.o
LOAD C:/ST/STM32CubeIDE_1.12.1/STM32CubeIDE/plugins/com.st.stm32cube.ide.mcu.externaltools.gnu-tools-for-stm32.12.3.rel1.win32_1.0.100.202403111256/tools/bin/../lib/gcc/arm-none-eabi/12.3.1/../../../../arm-none-eabi/lib/thumb/v6-m/nofp/crt0.o
LOAD ./Core/Src/main.o
LOAD ./Core/Src/nanomodbus.o
LOAD ./Core/Src/stm32f0xx_hal_msp.o
LOAD ./Core/Src/stm32f0xx_it.o
LOAD ./Core/Src/syscalls.o
LOAD ./Core/Src/sysmem.o
LOAD ./Core/Src/system_stm32f0xx.o
LOAD ./Core/Startup/startup_stm32f030r8tx.o
LOAD ./Drivers/STM32F0xx_HAL_Driver/Src/stm32f0xx_hal.o
LOAD ./Drivers/STM32F0xx_HAL_Driver/Src/stm32f0xx_hal_cortex.o
LOAD ./Drivers/STM32F0xx_HAL_Driver/Src/stm32f0xx_hal_dma.o
LOAD ./Drivers/STM32F0xx_HAL_Driver/Src/stm32f0xx_hal_exti.o
LOAD ./Drivers/STM32F0xx_HAL_Driver/Src/stm32f0xx_hal_flash.o
LOAD ./Drivers/STM32F0xx_HAL_Driver/Src/stm32f0xx_hal_flash_ex.o
LOAD ./Drivers/STM32F0xx_HAL_Driver/Src/stm32f0xx_hal_gpio.o
LOAD ./Drivers/STM32F0xx_HAL_Driver/Src/stm32f0xx_hal_i2c.o
LOAD ./Drivers/STM32F0xx_HAL_Driver/Src/stm32f0xx_hal_i2c_ex.o
LOAD ./Drivers/STM32F0xx_HAL_Driver/Src/stm32f0xx_hal_pwr.o
LOAD ./Drivers/STM32F0xx_HAL_Driver/Src/stm32f0xx_hal_pwr_ex.o
LOAD ./Drivers/STM32F0xx_HAL_Driver/Src/stm32f0xx_hal_rcc.o
LOAD ./Drivers/STM32F0xx_HAL_Driver/Src/stm32f0xx_hal_rcc_ex.o
LOAD ./Drivers/STM32F0xx_HAL_Driver/Src/stm32f0xx_hal_tim.o
LOAD ./Drivers/STM32F0xx_HAL_Driver/Src/stm32f0xx_hal_tim_ex.o
LOAD ./Drivers/STM32F0xx_HAL_Driver/Src/stm32f0xx_hal_uart.o
LOAD ./Drivers/STM32F0xx_HAL_Driver/Src/stm32f0xx_hal_uart_ex.o
START GROUP
LOAD C:/ST/STM32CubeIDE_1.12.1/STM32CubeIDE/plugins/com.st.stm32cube.ide.mcu.externaltools.gnu-tools-for-stm32.12.3.rel1.win32_1.0.100.202403111256/tools/bin/../lib/gcc/arm-none-eabi/12.3.1/../../../../arm-none-eabi/lib/thumb/v6-m/nofp\libc_nano.a
LOAD C:/ST/STM32CubeIDE_1.12.1/STM32CubeIDE/plugins/com.st.stm32cube.ide.mcu.externaltools.gnu-tools-for-stm32.12.3.rel1.win32_1.0.100.202403111256/tools/bin/../lib/gcc/arm-none-eabi/12.3.1/../../../../arm-none-eabi/lib/thumb/v6-m/nofp\libm.a
END GROUP
START GROUP
LOAD C:/ST/STM32CubeIDE_1.12.1/STM32CubeIDE/plugins/com.st.stm32cube.ide.mcu.externaltools.gnu-tools-for-stm32.12.3.rel1.win32_1.0.100.202403111256/tools/bin/../lib/gcc/arm-none-eabi/12.3.1/thumb/v6-m/nofp\libgcc.a
LOAD C:/ST/STM32CubeIDE_1.12.1/STM32CubeIDE/plugins/com.st.stm32cube.ide.mcu.externaltools.gnu-tools-for-stm32.12.3.rel1.win32_1.0.100.202403111256/tools/bin/../lib/gcc/arm-none-eabi/12.3.1/../../../../arm-none-eabi/lib/thumb/v6-m/nofp\libc_nano.a
END GROUP
START GROUP
LOAD C:/ST/STM32CubeIDE_1.12.1/STM32CubeIDE/plugins/com.st.stm32cube.ide.mcu.externaltools.gnu-tools-for-stm32.12.3.rel1.win32_1.0.100.202403111256/tools/bin/../lib/gcc/arm-none-eabi/12.3.1/thumb/v6-m/nofp\libgcc.a
LOAD C:/ST/STM32CubeIDE_1.12.1/STM32CubeIDE/plugins/com.st.stm32cube.ide.mcu.externaltools.gnu-tools-for-stm32.12.3.rel1.win32_1.0.100.202403111256/tools/bin/../lib/gcc/arm-none-eabi/12.3.1/../../../../arm-none-eabi/lib/thumb/v6-m/nofp\libc_nano.a
LOAD C:/ST/STM32CubeIDE_1.12.1/STM32CubeIDE/plugins/com.st.stm32cube.ide.mcu.externaltools.gnu-tools-for-stm32.12.3.rel1.win32_1.0.100.202403111256/tools/bin/../lib/gcc/arm-none-eabi/12.3.1/../../../../arm-none-eabi/lib/thumb/v6-m/nofp\libnosys.a
END GROUP
START GROUP
LOAD C:/ST/STM32CubeIDE_1.12.1/STM32CubeIDE/plugins/com.st.stm32cube.ide.mcu.externaltools.gnu-tools-for-stm32.12.3.rel1.win32_1.0.100.202403111256/tools/bin/../lib/gcc/arm-none-eabi/12.3.1/thumb/v6-m/nofp\libgcc.a
LOAD C:/ST/STM32CubeIDE_1.12.1/STM32CubeIDE/plugins/com.st.stm32cube.ide.mcu.externaltools.gnu-tools-for-stm32.12.3.rel1.win32_1.0.100.202403111256/tools/bin/../lib/gcc/arm-none-eabi/12.3.1/../../../../arm-none-eabi/lib/thumb/v6-m/nofp\libc_nano.a
LOAD C:/ST/STM32CubeIDE_1.12.1/STM32CubeIDE/plugins/com.st.stm32cube.ide.mcu.externaltools.gnu-tools-for-stm32.12.3.rel1.win32_1.0.100.202403111256/tools/bin/../lib/gcc/arm-none-eabi/12.3.1/../../../../arm-none-eabi/lib/thumb/v6-m/nofp\libnosys.a
END GROUP
LOAD C:/ST/STM32CubeIDE_1.12.1/STM32CubeIDE/plugins/com.st.stm32cube.ide.mcu.externaltools.gnu-tools-for-stm32.12.3.rel1.win32_1.0.100.202403111256/tools/bin/../lib/gcc/arm-none-eabi/12.3.1/thumb/v6-m/nofp/crtend.o
LOAD C:/ST/STM32CubeIDE_1.12.1/STM32CubeIDE/plugins/com.st.stm32cube.ide.mcu.externaltools.gnu-tools-for-stm32.12.3.rel1.win32_1.0.100.202403111256/tools/bin/../lib/gcc/arm-none-eabi/12.3.1/thumb/v6-m/nofp/crtn.o
                0x20002000                        _estack = (ORIGIN (RAM) + LENGTH (RAM))
                0x00000200                        _Min_Heap_Size = 0x200
                0x00000400                        _Min_Stack_Size = 0x400

.isr_vector     0x08000000       0xc0
                0x08000000                        . = ALIGN (0x4)
 *(.isr_vector)
 .isr_vector    0x08000000       0xc0 ./Core/Startup/startup_stm32f030r8tx.o
                0x08000000                g_pfnVectors
                0x080000c0                        . = ALIGN (0x4)

.text           0x080000c0     0x34f8
                0x080000c0                        . = ALIGN (0x4)
 *(.text)
 .text          0x080000c0       0x48 C:/ST/STM32CubeIDE_1.12.1/STM32CubeIDE/plugins/com.st.stm32cube.ide.mcu.externaltools.gnu-tools-for-stm32.12.3.rel1.win32_1.0.100.202403111256/tools/bin/../lib/gcc/arm-none-eabi/12.3.1/thumb/v6-m/nofp/crtbegin.o
 .text          0x08000108      0x114 C:/ST/STM32CubeIDE_1.12.1/STM32CubeIDE/plugins/com.st.stm32cube.ide.mcu.externaltools.gnu-tools-for-stm32.12.3.rel1.win32_1.0.100.202403111256/tools/bin/../lib/gcc/arm-none-eabi/12.3.1/thumb/v6-m/nofp\libgcc.a(_udivsi3.o)
                0x08000108                __aeabi_uidiv
                0x08000108                __udivsi3
                0x08000214                __aeabi_uidivmod
 .text          0x0800021c        0x4 C:/ST/STM32CubeIDE_1.12.1/STM32CubeIDE/plugins/com.st.stm32cube.ide.mcu.externaltools.gnu-tools-for-stm32.12.3.rel1.win32_1.0.100.202403111256/tools/bin/../lib/gcc/arm-none-eabi/12.3.1/thumb/v6-m/nofp\libgcc.a(_dvmd_tls.o)
                0x0800021c                __aeabi_idiv0
                0x0800021c                __aeabi_ldiv0
 *(.text*)
 .text.RS485_SetTransmitMode
                0x08000220       0x1a ./Core/Src/main.o
                0x08000220                RS485_SetTransmitMode
 .text.RS485_SetReceiveMode
                0x0800023a       0x1a ./Core/Src/main.o
                0x0800023a                RS485_SetReceiveMode
 .text.uart_read
                0x08000254       0x50 ./Core/Src/main.o
                0x08000254                uart_read
 .text.uart_write
                0x080002a4       0x54 ./Core/Src/main.o
                0x080002a4                uart_write
 .text.main     0x080002f8       0xd4 ./Core/Src/main.o
                0x080002f8                main
 .text.SystemClock_Config
                0x080003cc       0xc2 ./Core/Src/main.o
                0x080003cc                SystemClock_Config
 *fill*         0x0800048e        0x2 
 .text.MX_USART1_UART_Init
                0x08000490       0x60 ./Core/Src/main.o
 .text.MX_GPIO_Init
                0x080004f0      0x104 ./Core/Src/main.o
 .text.Error_Handler
                0x080005f4        0xc ./Core/Src/main.o
                0x080005f4                Error_Handler
 .text.get_1    0x08000600       0x3c ./Core/Src/nanomodbus.o
 .text.put_1    0x0800063c       0x3c ./Core/Src/nanomodbus.o
 .text.discard_1
                0x08000678       0x24 ./Core/Src/nanomodbus.o
 .text.get_2    0x0800069c       0x54 ./Core/Src/nanomodbus.o
 .text.put_2    0x080006f0       0x56 ./Core/Src/nanomodbus.o
 .text.msg_buf_reset
                0x08000746       0x1a ./Core/Src/nanomodbus.o
 .text.msg_state_reset
                0x08000760       0x4a ./Core/Src/nanomodbus.o
 *fill*         0x080007aa        0x2 
 .text.msg_state_req
                0x080007ac       0xb8 ./Core/Src/nanomodbus.o
 .text.nmbs_create
                0x08000864       0xa0 ./Core/Src/nanomodbus.o
                0x08000864                nmbs_create
 .text.nmbs_set_read_timeout
                0x08000904       0x1c ./Core/Src/nanomodbus.o
                0x08000904                nmbs_set_read_timeout
 .text.nmbs_set_byte_timeout
                0x08000920       0x1c ./Core/Src/nanomodbus.o
                0x08000920                nmbs_set_byte_timeout
 .text.nmbs_platform_conf_create
                0x0800093c       0x30 ./Core/Src/nanomodbus.o
                0x0800093c                nmbs_platform_conf_create
 .text.nmbs_set_destination_rtu_address
                0x0800096c       0x22 ./Core/Src/nanomodbus.o
                0x0800096c                nmbs_set_destination_rtu_address
 *fill*         0x0800098e        0x2 
 .text.nmbs_crc_calc
                0x08000990       0x98 ./Core/Src/nanomodbus.o
                0x08000990                nmbs_crc_calc
 .text.recv     0x08000a28       0x76 ./Core/Src/nanomodbus.o
 .text.send     0x08000a9e       0x6c ./Core/Src/nanomodbus.o
 .text.recv_msg_footer
                0x08000b0a       0x8e ./Core/Src/nanomodbus.o
 .text.recv_msg_header
                0x08000b98      0x1b8 ./Core/Src/nanomodbus.o
 .text.put_msg_header
                0x08000d50       0x9c ./Core/Src/nanomodbus.o
 .text.send_msg
                0x08000dec       0x72 ./Core/Src/nanomodbus.o
 .text.recv_res_header
                0x08000e5e      0x156 ./Core/Src/nanomodbus.o
 .text.put_req_header
                0x08000fb4       0x24 ./Core/Src/nanomodbus.o
 .text.recv_write_single_register_res
                0x08000fd8       0xd2 ./Core/Src/nanomodbus.o
                0x08000fd8                recv_write_single_register_res
 .text.nmbs_client_create
                0x080010aa       0x20 ./Core/Src/nanomodbus.o
                0x080010aa                nmbs_client_create
 .text.nmbs_write_multiple_registers
                0x080010ca      0x12e ./Core/Src/nanomodbus.o
                0x080010ca                nmbs_write_multiple_registers
 .text.HAL_MspInit
                0x080011f8       0x48 ./Core/Src/stm32f0xx_hal_msp.o
                0x080011f8                HAL_MspInit
 .text.HAL_UART_MspInit
                0x08001240       0xac ./Core/Src/stm32f0xx_hal_msp.o
                0x08001240                HAL_UART_MspInit
 .text.NMI_Handler
                0x080012ec        0x8 ./Core/Src/stm32f0xx_it.o
                0x080012ec                NMI_Handler
 .text.HardFault_Handler
                0x080012f4        0x8 ./Core/Src/stm32f0xx_it.o
                0x080012f4                HardFault_Handler
 .text.SVC_Handler
                0x080012fc        0xa ./Core/Src/stm32f0xx_it.o
                0x080012fc                SVC_Handler
 .text.PendSV_Handler
                0x08001306        0xa ./Core/Src/stm32f0xx_it.o
                0x08001306                PendSV_Handler
 .text.SysTick_Handler
                0x08001310        0xe ./Core/Src/stm32f0xx_it.o
                0x08001310                SysTick_Handler
 *fill*         0x0800131e        0x2 
 .text.USART1_IRQHandler
                0x08001320       0x18 ./Core/Src/stm32f0xx_it.o
                0x08001320                USART1_IRQHandler
 .text.SystemInit
                0x08001338        0xa ./Core/Src/system_stm32f0xx.o
                0x08001338                SystemInit
 *fill*         0x08001342        0x2 
 .text.Reset_Handler
                0x08001344       0x50 ./Core/Startup/startup_stm32f030r8tx.o
                0x08001344                Reset_Handler
 .text.Default_Handler
                0x08001394        0x2 ./Core/Startup/startup_stm32f030r8tx.o
                0x08001394                TIM1_CC_IRQHandler
                0x08001394                TIM6_IRQHandler
                0x08001394                I2C1_IRQHandler
                0x08001394                SPI1_IRQHandler
                0x08001394                EXTI2_3_IRQHandler
                0x08001394                ADC1_IRQHandler
                0x08001394                I2C2_IRQHandler
                0x08001394                TIM17_IRQHandler
                0x08001394                RTC_IRQHandler
                0x08001394                TIM16_IRQHandler
                0x08001394                TIM3_IRQHandler
                0x08001394                EXTI4_15_IRQHandler
                0x08001394                RCC_IRQHandler
                0x08001394                DMA1_Channel1_IRQHandler
                0x08001394                Default_Handler
                0x08001394                TIM14_IRQHandler
                0x08001394                DMA1_Channel4_5_IRQHandler
                0x08001394                TIM15_IRQHandler
                0x08001394                EXTI0_1_IRQHandler
                0x08001394                SPI2_IRQHandler
                0x08001394                WWDG_IRQHandler
                0x08001394                DMA1_Channel2_3_IRQHandler
                0x08001394                USART2_IRQHandler
                0x08001394                FLASH_IRQHandler
                0x08001394                TIM1_BRK_UP_TRG_COM_IRQHandler
 *fill*         0x08001396        0x2 
 .text.HAL_Init
                0x08001398       0x28 ./Drivers/STM32F0xx_HAL_Driver/Src/stm32f0xx_hal.o
                0x08001398                HAL_Init
 .text.HAL_InitTick
                0x080013c0       0x68 ./Drivers/STM32F0xx_HAL_Driver/Src/stm32f0xx_hal.o
                0x080013c0                HAL_InitTick
 .text.HAL_IncTick
                0x08001428       0x24 ./Drivers/STM32F0xx_HAL_Driver/Src/stm32f0xx_hal.o
                0x08001428                HAL_IncTick
 .text.HAL_GetTick
                0x0800144c       0x14 ./Drivers/STM32F0xx_HAL_Driver/Src/stm32f0xx_hal.o
                0x0800144c                HAL_GetTick
 .text.__NVIC_EnableIRQ
                0x08001460       0x34 ./Drivers/STM32F0xx_HAL_Driver/Src/stm32f0xx_hal_cortex.o
 .text.__NVIC_SetPriority
                0x08001494       0xdc ./Drivers/STM32F0xx_HAL_Driver/Src/stm32f0xx_hal_cortex.o
 .text.SysTick_Config
                0x08001570       0x48 ./Drivers/STM32F0xx_HAL_Driver/Src/stm32f0xx_hal_cortex.o
 .text.HAL_NVIC_SetPriority
                0x080015b8       0x2a ./Drivers/STM32F0xx_HAL_Driver/Src/stm32f0xx_hal_cortex.o
                0x080015b8                HAL_NVIC_SetPriority
 .text.HAL_NVIC_EnableIRQ
                0x080015e2       0x20 ./Drivers/STM32F0xx_HAL_Driver/Src/stm32f0xx_hal_cortex.o
                0x080015e2                HAL_NVIC_EnableIRQ
 .text.HAL_SYSTICK_Config
                0x08001602       0x1a ./Drivers/STM32F0xx_HAL_Driver/Src/stm32f0xx_hal_cortex.o
                0x08001602                HAL_SYSTICK_Config
 .text.HAL_DMA_Abort
                0x0800161c       0x70 ./Drivers/STM32F0xx_HAL_Driver/Src/stm32f0xx_hal_dma.o
                0x0800161c                HAL_DMA_Abort
 .text.HAL_DMA_Abort_IT
                0x0800168c       0x8a ./Drivers/STM32F0xx_HAL_Driver/Src/stm32f0xx_hal_dma.o
                0x0800168c                HAL_DMA_Abort_IT
 *fill*         0x08001716        0x2 
 .text.HAL_GPIO_Init
                0x08001718      0x2e0 ./Drivers/STM32F0xx_HAL_Driver/Src/stm32f0xx_hal_gpio.o
                0x08001718                HAL_GPIO_Init
 .text.HAL_GPIO_WritePin
                0x080019f8       0x3a ./Drivers/STM32F0xx_HAL_Driver/Src/stm32f0xx_hal_gpio.o
                0x080019f8                HAL_GPIO_WritePin
 *fill*         0x08001a32        0x2 
 .text.HAL_RCC_OscConfig
                0x08001a34      0x634 ./Drivers/STM32F0xx_HAL_Driver/Src/stm32f0xx_hal_rcc.o
                0x08001a34                HAL_RCC_OscConfig
 .text.HAL_RCC_ClockConfig
                0x08002068      0x19c ./Drivers/STM32F0xx_HAL_Driver/Src/stm32f0xx_hal_rcc.o
                0x08002068                HAL_RCC_ClockConfig
 .text.HAL_RCC_GetSysClockFreq
                0x08002204       0xac ./Drivers/STM32F0xx_HAL_Driver/Src/stm32f0xx_hal_rcc.o
                0x08002204                HAL_RCC_GetSysClockFreq
 .text.HAL_RCC_GetHCLKFreq
                0x080022b0       0x14 ./Drivers/STM32F0xx_HAL_Driver/Src/stm32f0xx_hal_rcc.o
                0x080022b0                HAL_RCC_GetHCLKFreq
 .text.HAL_RCC_GetPCLK1Freq
                0x080022c4       0x2c ./Drivers/STM32F0xx_HAL_Driver/Src/stm32f0xx_hal_rcc.o
                0x080022c4                HAL_RCC_GetPCLK1Freq
 .text.HAL_RCCEx_PeriphCLKConfig
                0x080022f0      0x19c ./Drivers/STM32F0xx_HAL_Driver/Src/stm32f0xx_hal_rcc_ex.o
                0x080022f0                HAL_RCCEx_PeriphCLKConfig
 .text.HAL_UART_Init
                0x0800248c       0xa8 ./Drivers/STM32F0xx_HAL_Driver/Src/stm32f0xx_hal_uart.o
                0x0800248c                HAL_UART_Init
 .text.HAL_UART_Transmit
                0x08002534      0x13e ./Drivers/STM32F0xx_HAL_Driver/Src/stm32f0xx_hal_uart.o
                0x08002534                HAL_UART_Transmit
 *fill*         0x08002672        0x2 
 .text.HAL_UART_Receive
                0x08002674      0x1a8 ./Drivers/STM32F0xx_HAL_Driver/Src/stm32f0xx_hal_uart.o
                0x08002674                HAL_UART_Receive
 .text.HAL_UART_IRQHandler
                0x0800281c      0x590 ./Drivers/STM32F0xx_HAL_Driver/Src/stm32f0xx_hal_uart.o
                0x0800281c                HAL_UART_IRQHandler
 .text.HAL_UART_TxCpltCallback
                0x08002dac       0x10 ./Drivers/STM32F0xx_HAL_Driver/Src/stm32f0xx_hal_uart.o
                0x08002dac                HAL_UART_TxCpltCallback
 .text.HAL_UART_ErrorCallback
                0x08002dbc       0x10 ./Drivers/STM32F0xx_HAL_Driver/Src/stm32f0xx_hal_uart.o
                0x08002dbc                HAL_UART_ErrorCallback
 .text.HAL_UARTEx_RxEventCallback
                0x08002dcc       0x16 ./Drivers/STM32F0xx_HAL_Driver/Src/stm32f0xx_hal_uart.o
                0x08002dcc                HAL_UARTEx_RxEventCallback
 *fill*         0x08002de2        0x2 
 .text.UART_SetConfig
                0x08002de4      0x280 ./Drivers/STM32F0xx_HAL_Driver/Src/stm32f0xx_hal_uart.o
                0x08002de4                UART_SetConfig
 .text.UART_AdvFeatureConfig
                0x08003064      0x168 ./Drivers/STM32F0xx_HAL_Driver/Src/stm32f0xx_hal_uart.o
                0x08003064                UART_AdvFeatureConfig
 .text.UART_CheckIdleState
                0x080031cc      0x150 ./Drivers/STM32F0xx_HAL_Driver/Src/stm32f0xx_hal_uart.o
                0x080031cc                UART_CheckIdleState
 .text.UART_WaitOnFlagUntilTimeout
                0x0800331c       0xde ./Drivers/STM32F0xx_HAL_Driver/Src/stm32f0xx_hal_uart.o
                0x0800331c                UART_WaitOnFlagUntilTimeout
 *fill*         0x080033fa        0x2 
 .text.UART_EndRxTransfer
                0x080033fc       0xc8 ./Drivers/STM32F0xx_HAL_Driver/Src/stm32f0xx_hal_uart.o
 .text.UART_DMAAbortOnError
                0x080034c4       0x2e ./Drivers/STM32F0xx_HAL_Driver/Src/stm32f0xx_hal_uart.o
 .text.UART_EndTransmit_IT
                0x080034f2       0x56 ./Drivers/STM32F0xx_HAL_Driver/Src/stm32f0xx_hal_uart.o
 .text.memset   0x08003548       0x10 C:/ST/STM32CubeIDE_1.12.1/STM32CubeIDE/plugins/com.st.stm32cube.ide.mcu.externaltools.gnu-tools-for-stm32.12.3.rel1.win32_1.0.100.202403111256/tools/bin/../lib/gcc/arm-none-eabi/12.3.1/../../../../arm-none-eabi/lib/thumb/v6-m/nofp\libc_nano.a(libc_a-memset.o)
                0x08003548                memset
 .text.__libc_init_array
                0x08003558       0x48 C:/ST/STM32CubeIDE_1.12.1/STM32CubeIDE/plugins/com.st.stm32cube.ide.mcu.externaltools.gnu-tools-for-stm32.12.3.rel1.win32_1.0.100.202403111256/tools/bin/../lib/gcc/arm-none-eabi/12.3.1/../../../../arm-none-eabi/lib/thumb/v6-m/nofp\libc_nano.a(libc_a-init.o)
                0x08003558                __libc_init_array
 *(.glue_7)
 .glue_7        0x080035a0        0x0 linker stubs
 *(.glue_7t)
 .glue_7t       0x080035a0        0x0 linker stubs
 *(.eh_frame)
 .eh_frame      0x080035a0        0x0 C:/ST/STM32CubeIDE_1.12.1/STM32CubeIDE/plugins/com.st.stm32cube.ide.mcu.externaltools.gnu-tools-for-stm32.12.3.rel1.win32_1.0.100.202403111256/tools/bin/../lib/gcc/arm-none-eabi/12.3.1/thumb/v6-m/nofp/crtbegin.o
 *(.init)
 .init          0x080035a0        0x4 C:/ST/STM32CubeIDE_1.12.1/STM32CubeIDE/plugins/com.st.stm32cube.ide.mcu.externaltools.gnu-tools-for-stm32.12.3.rel1.win32_1.0.100.202403111256/tools/bin/../lib/gcc/arm-none-eabi/12.3.1/thumb/v6-m/nofp/crti.o
                0x080035a0                _init
 .init          0x080035a4        0x8 C:/ST/STM32CubeIDE_1.12.1/STM32CubeIDE/plugins/com.st.stm32cube.ide.mcu.externaltools.gnu-tools-for-stm32.12.3.rel1.win32_1.0.100.202403111256/tools/bin/../lib/gcc/arm-none-eabi/12.3.1/thumb/v6-m/nofp/crtn.o
 *(.fini)
 .fini          0x080035ac        0x4 C:/ST/STM32CubeIDE_1.12.1/STM32CubeIDE/plugins/com.st.stm32cube.ide.mcu.externaltools.gnu-tools-for-stm32.12.3.rel1.win32_1.0.100.202403111256/tools/bin/../lib/gcc/arm-none-eabi/12.3.1/thumb/v6-m/nofp/crti.o
                0x080035ac                _fini
 .fini          0x080035b0        0x8 C:/ST/STM32CubeIDE_1.12.1/STM32CubeIDE/plugins/com.st.stm32cube.ide.mcu.externaltools.gnu-tools-for-stm32.12.3.rel1.win32_1.0.100.202403111256/tools/bin/../lib/gcc/arm-none-eabi/12.3.1/thumb/v6-m/nofp/crtn.o
                0x080035b8                        . = ALIGN (0x4)
                0x080035b8                        _etext = .

.vfp11_veneer   0x080035b8        0x0
 .vfp11_veneer  0x080035b8        0x0 linker stubs

.v4_bx          0x080035b8        0x0
 .v4_bx         0x080035b8        0x0 linker stubs

.iplt           0x080035b8        0x0
 .iplt          0x080035b8        0x0 C:/ST/STM32CubeIDE_1.12.1/STM32CubeIDE/plugins/com.st.stm32cube.ide.mcu.externaltools.gnu-tools-for-stm32.12.3.rel1.win32_1.0.100.202403111256/tools/bin/../lib/gcc/arm-none-eabi/12.3.1/thumb/v6-m/nofp/crtbegin.o

.rodata         0x080035b8       0x38
                0x080035b8                        . = ALIGN (0x4)
 *(.rodata)
 *(.rodata*)
 .rodata.AHBPrescTable
                0x080035b8       0x10 ./Core/Src/system_stm32f0xx.o
                0x080035b8                AHBPrescTable
 .rodata.APBPrescTable
                0x080035c8        0x8 ./Core/Src/system_stm32f0xx.o
                0x080035c8                APBPrescTable
 .rodata.aPLLMULFactorTable.1
                0x080035d0       0x10 ./Drivers/STM32F0xx_HAL_Driver/Src/stm32f0xx_hal_rcc.o
 .rodata.aPredivFactorTable.0
                0x080035e0       0x10 ./Drivers/STM32F0xx_HAL_Driver/Src/stm32f0xx_hal_rcc.o
                0x080035f0                        . = ALIGN (0x4)

.rel.dyn        0x080035f0        0x0
 .rel.iplt      0x080035f0        0x0 C:/ST/STM32CubeIDE_1.12.1/STM32CubeIDE/plugins/com.st.stm32cube.ide.mcu.externaltools.gnu-tools-for-stm32.12.3.rel1.win32_1.0.100.202403111256/tools/bin/../lib/gcc/arm-none-eabi/12.3.1/thumb/v6-m/nofp/crtbegin.o

.ARM.extab      0x080035f0        0x0
                0x080035f0                        . = ALIGN (0x4)
 *(.ARM.extab* .gnu.linkonce.armextab.*)
                0x080035f0                        . = ALIGN (0x4)

.ARM            0x080035f0        0x0
                0x080035f0                        . = ALIGN (0x4)
                0x080035f0                        __exidx_start = .
 *(.ARM.exidx*)
                0x080035f0                        __exidx_end = .
                0x080035f0                        . = ALIGN (0x4)

.preinit_array  0x080035f0        0x0
                0x080035f0                        . = ALIGN (0x4)
                0x080035f0                        PROVIDE (__preinit_array_start = .)
 *(.preinit_array*)
                0x080035f0                        PROVIDE (__preinit_array_end = .)
                0x080035f0                        . = ALIGN (0x4)

.init_array     0x080035f0        0x4
                0x080035f0                        . = ALIGN (0x4)
                0x080035f0                        PROVIDE (__init_array_start = .)
 *(SORT_BY_NAME(.init_array.*))
 *(.init_array*)
 .init_array    0x080035f0        0x4 C:/ST/STM32CubeIDE_1.12.1/STM32CubeIDE/plugins/com.st.stm32cube.ide.mcu.externaltools.gnu-tools-for-stm32.12.3.rel1.win32_1.0.100.202403111256/tools/bin/../lib/gcc/arm-none-eabi/12.3.1/thumb/v6-m/nofp/crtbegin.o
                0x080035f4                        PROVIDE (__init_array_end = .)
                0x080035f4                        . = ALIGN (0x4)

.fini_array     0x080035f4        0x4
                0x080035f4                        . = ALIGN (0x4)
                [!provide]                        PROVIDE (__fini_array_start = .)
 *(SORT_BY_NAME(.fini_array.*))
 *(.fini_array*)
 .fini_array    0x080035f4        0x4 C:/ST/STM32CubeIDE_1.12.1/STM32CubeIDE/plugins/com.st.stm32cube.ide.mcu.externaltools.gnu-tools-for-stm32.12.3.rel1.win32_1.0.100.202403111256/tools/bin/../lib/gcc/arm-none-eabi/12.3.1/thumb/v6-m/nofp/crtbegin.o
                [!provide]                        PROVIDE (__fini_array_end = .)
                0x080035f8                        . = ALIGN (0x4)
                0x080035f8                        _sidata = LOADADDR (.data)

.data           0x20000000        0xc load address 0x080035f8
                0x20000000                        . = ALIGN (0x4)
                0x20000000                        _sdata = .
 *(.data)
 *(.data*)
 .data.SystemCoreClock
                0x20000000        0x4 ./Core/Src/system_stm32f0xx.o
                0x20000000                SystemCoreClock
 .data.uwTickPrio
                0x20000004        0x4 ./Drivers/STM32F0xx_HAL_Driver/Src/stm32f0xx_hal.o
                0x20000004                uwTickPrio
 .data.uwTickFreq
                0x20000008        0x1 ./Drivers/STM32F0xx_HAL_Driver/Src/stm32f0xx_hal.o
                0x20000008                uwTickFreq
 *(.RamFunc)
 *(.RamFunc*)
                0x2000000c                        . = ALIGN (0x4)
 *fill*         0x20000009        0x3 
                0x2000000c                        _edata = .

.igot.plt       0x2000000c        0x0 load address 0x08003604
 .igot.plt      0x2000000c        0x0 C:/ST/STM32CubeIDE_1.12.1/STM32CubeIDE/plugins/com.st.stm32cube.ide.mcu.externaltools.gnu-tools-for-stm32.12.3.rel1.win32_1.0.100.202403111256/tools/bin/../lib/gcc/arm-none-eabi/12.3.1/thumb/v6-m/nofp/crtbegin.o
                0x2000000c                        . = ALIGN (0x4)

.bss            0x2000000c       0xc4 load address 0x08003604
                0x2000000c                        _sbss = .
                0x2000000c                        __bss_start__ = _sbss
 *(.bss)
 .bss           0x2000000c       0x1c C:/ST/STM32CubeIDE_1.12.1/STM32CubeIDE/plugins/com.st.stm32cube.ide.mcu.externaltools.gnu-tools-for-stm32.12.3.rel1.win32_1.0.100.202403111256/tools/bin/../lib/gcc/arm-none-eabi/12.3.1/thumb/v6-m/nofp/crtbegin.o
 *(.bss*)
 .bss.huart1    0x20000028       0x88 ./Core/Src/main.o
                0x20000028                huart1
 .bss.platform_conf
                0x200000b0       0x18 ./Core/Src/main.o
                0x200000b0                platform_conf
 .bss.counter   0x200000c8        0x2 ./Core/Src/main.o
                0x200000c8                counter
 .bss.counter2  0x200000ca        0x2 ./Core/Src/main.o
                0x200000ca                counter2
 .bss.uwTick    0x200000cc        0x4 ./Drivers/STM32F0xx_HAL_Driver/Src/stm32f0xx_hal.o
                0x200000cc                uwTick
 *(COMMON)
                0x200000d0                        . = ALIGN (0x4)
                0x200000d0                        _ebss = .
                0x200000d0                        __bss_end__ = _ebss

._user_heap_stack
                0x200000d0      0x600 load address 0x08003604
                0x200000d0                        . = ALIGN (0x8)
                [!provide]                        PROVIDE (end = .)
                0x200000d0                        PROVIDE (_end = .)
                0x200002d0                        . = (. + _Min_Heap_Size)
 *fill*         0x200000d0      0x200 
                0x200006d0                        . = (. + _Min_Stack_Size)
 *fill*         0x200002d0      0x400 
                0x200006d0                        . = ALIGN (0x8)

/DISCARD/
 libc.a(*)
 libm.a(*)
 libgcc.a(*)

.ARM.attributes
                0x00000000       0x28
 *(.ARM.attributes)
 .ARM.attributes
                0x00000000       0x1e C:/ST/STM32CubeIDE_1.12.1/STM32CubeIDE/plugins/com.st.stm32cube.ide.mcu.externaltools.gnu-tools-for-stm32.12.3.rel1.win32_1.0.100.202403111256/tools/bin/../lib/gcc/arm-none-eabi/12.3.1/thumb/v6-m/nofp/crti.o
 .ARM.attributes
                0x0000001e       0x2c C:/ST/STM32CubeIDE_1.12.1/STM32CubeIDE/plugins/com.st.stm32cube.ide.mcu.externaltools.gnu-tools-for-stm32.12.3.rel1.win32_1.0.100.202403111256/tools/bin/../lib/gcc/arm-none-eabi/12.3.1/thumb/v6-m/nofp/crtbegin.o
 .ARM.attributes
                0x0000004a       0x2c ./Core/Src/main.o
 .ARM.attributes
                0x00000076       0x2c ./Core/Src/nanomodbus.o
 .ARM.attributes
                0x000000a2       0x2c ./Core/Src/stm32f0xx_hal_msp.o
 .ARM.attributes
                0x000000ce       0x2c ./Core/Src/stm32f0xx_it.o
 .ARM.attributes
                0x000000fa       0x2c ./Core/Src/system_stm32f0xx.o
 .ARM.attributes
                0x00000126       0x21 ./Core/Startup/startup_stm32f030r8tx.o
 .ARM.attributes
                0x00000147       0x2c ./Drivers/STM32F0xx_HAL_Driver/Src/stm32f0xx_hal.o
 .ARM.attributes
                0x00000173       0x2c ./Drivers/STM32F0xx_HAL_Driver/Src/stm32f0xx_hal_cortex.o
 .ARM.attributes
                0x0000019f       0x2c ./Drivers/STM32F0xx_HAL_Driver/Src/stm32f0xx_hal_dma.o
 .ARM.attributes
                0x000001cb       0x2c ./Drivers/STM32F0xx_HAL_Driver/Src/stm32f0xx_hal_gpio.o
 .ARM.attributes
                0x000001f7       0x2c ./Drivers/STM32F0xx_HAL_Driver/Src/stm32f0xx_hal_rcc.o
 .ARM.attributes
                0x00000223       0x2c ./Drivers/STM32F0xx_HAL_Driver/Src/stm32f0xx_hal_rcc_ex.o
 .ARM.attributes
                0x0000024f       0x2c ./Drivers/STM32F0xx_HAL_Driver/Src/stm32f0xx_hal_uart.o
 .ARM.attributes
                0x0000027b       0x2c C:/ST/STM32CubeIDE_1.12.1/STM32CubeIDE/plugins/com.st.stm32cube.ide.mcu.externaltools.gnu-tools-for-stm32.12.3.rel1.win32_1.0.100.202403111256/tools/bin/../lib/gcc/arm-none-eabi/12.3.1/../../../../arm-none-eabi/lib/thumb/v6-m/nofp\libc_nano.a(libc_a-memset.o)
 .ARM.attributes
                0x000002a7       0x2c C:/ST/STM32CubeIDE_1.12.1/STM32CubeIDE/plugins/com.st.stm32cube.ide.mcu.externaltools.gnu-tools-for-stm32.12.3.rel1.win32_1.0.100.202403111256/tools/bin/../lib/gcc/arm-none-eabi/12.3.1/../../../../arm-none-eabi/lib/thumb/v6-m/nofp\libc_nano.a(libc_a-init.o)
 .ARM.attributes
                0x000002d3       0x1e C:/ST/STM32CubeIDE_1.12.1/STM32CubeIDE/plugins/com.st.stm32cube.ide.mcu.externaltools.gnu-tools-for-stm32.12.3.rel1.win32_1.0.100.202403111256/tools/bin/../lib/gcc/arm-none-eabi/12.3.1/thumb/v6-m/nofp\libgcc.a(_udivsi3.o)
 .ARM.attributes
                0x000002f1       0x1e C:/ST/STM32CubeIDE_1.12.1/STM32CubeIDE/plugins/com.st.stm32cube.ide.mcu.externaltools.gnu-tools-for-stm32.12.3.rel1.win32_1.0.100.202403111256/tools/bin/../lib/gcc/arm-none-eabi/12.3.1/thumb/v6-m/nofp\libgcc.a(_dvmd_tls.o)
 .ARM.attributes
                0x0000030f       0x1e C:/ST/STM32CubeIDE_1.12.1/STM32CubeIDE/plugins/com.st.stm32cube.ide.mcu.externaltools.gnu-tools-for-stm32.12.3.rel1.win32_1.0.100.202403111256/tools/bin/../lib/gcc/arm-none-eabi/12.3.1/thumb/v6-m/nofp/crtn.o
OUTPUT(nanomodbus.elf elf32-littlearm)
LOAD linker stubs
LOAD C:/ST/STM32CubeIDE_1.12.1/STM32CubeIDE/plugins/com.st.stm32cube.ide.mcu.externaltools.gnu-tools-for-stm32.12.3.rel1.win32_1.0.100.202403111256/tools/bin/../lib/gcc/arm-none-eabi/12.3.1/../../../../arm-none-eabi/lib/thumb/v6-m/nofp\libc.a
LOAD C:/ST/STM32CubeIDE_1.12.1/STM32CubeIDE/plugins/com.st.stm32cube.ide.mcu.externaltools.gnu-tools-for-stm32.12.3.rel1.win32_1.0.100.202403111256/tools/bin/../lib/gcc/arm-none-eabi/12.3.1/../../../../arm-none-eabi/lib/thumb/v6-m/nofp\libm.a
LOAD C:/ST/STM32CubeIDE_1.12.1/STM32CubeIDE/plugins/com.st.stm32cube.ide.mcu.externaltools.gnu-tools-for-stm32.12.3.rel1.win32_1.0.100.202403111256/tools/bin/../lib/gcc/arm-none-eabi/12.3.1/thumb/v6-m/nofp\libgcc.a

.debug_info     0x00000000     0xafe7
 .debug_info    0x00000000     0x1332 ./Core/Src/main.o
 .debug_info    0x00001332     0x29f6 ./Core/Src/nanomodbus.o
 .debug_info    0x00003d28      0xa03 ./Core/Src/stm32f0xx_hal_msp.o
 .debug_info    0x0000472b      0x6b1 ./Core/Src/stm32f0xx_it.o
 .debug_info    0x00004ddc      0x242 ./Core/Src/system_stm32f0xx.o
 .debug_info    0x0000501e       0x30 ./Core/Startup/startup_stm32f030r8tx.o
 .debug_info    0x0000504e      0x670 ./Drivers/STM32F0xx_HAL_Driver/Src/stm32f0xx_hal.o
 .debug_info    0x000056be      0x69b ./Drivers/STM32F0xx_HAL_Driver/Src/stm32f0xx_hal_cortex.o
 .debug_info    0x00005d59      0x700 ./Drivers/STM32F0xx_HAL_Driver/Src/stm32f0xx_hal_dma.o
 .debug_info    0x00006459      0x5c3 ./Drivers/STM32F0xx_HAL_Driver/Src/stm32f0xx_hal_gpio.o
 .debug_info    0x00006a1c      0x844 ./Drivers/STM32F0xx_HAL_Driver/Src/stm32f0xx_hal_rcc.o
 .debug_info    0x00007260      0x35d ./Drivers/STM32F0xx_HAL_Driver/Src/stm32f0xx_hal_rcc_ex.o
 .debug_info    0x000075bd     0x3a2a ./Drivers/STM32F0xx_HAL_Driver/Src/stm32f0xx_hal_uart.o

.debug_abbrev   0x00000000     0x1abd
 .debug_abbrev  0x00000000      0x31c ./Core/Src/main.o
 .debug_abbrev  0x0000031c      0x3bf ./Core/Src/nanomodbus.o
 .debug_abbrev  0x000006db      0x1c9 ./Core/Src/stm32f0xx_hal_msp.o
 .debug_abbrev  0x000008a4      0x185 ./Core/Src/stm32f0xx_it.o
 .debug_abbrev  0x00000a29      0x11c ./Core/Src/system_stm32f0xx.o
 .debug_abbrev  0x00000b45       0x24 ./Core/Startup/startup_stm32f030r8tx.o
 .debug_abbrev  0x00000b69      0x24b ./Drivers/STM32F0xx_HAL_Driver/Src/stm32f0xx_hal.o
 .debug_abbrev  0x00000db4      0x28c ./Drivers/STM32F0xx_HAL_Driver/Src/stm32f0xx_hal_cortex.o
 .debug_abbrev  0x00001040      0x1ef ./Drivers/STM32F0xx_HAL_Driver/Src/stm32f0xx_hal_dma.o
 .debug_abbrev  0x0000122f      0x1c8 ./Drivers/STM32F0xx_HAL_Driver/Src/stm32f0xx_hal_gpio.o
 .debug_abbrev  0x000013f7      0x28b ./Drivers/STM32F0xx_HAL_Driver/Src/stm32f0xx_hal_rcc.o
 .debug_abbrev  0x00001682      0x16f ./Drivers/STM32F0xx_HAL_Driver/Src/stm32f0xx_hal_rcc_ex.o
 .debug_abbrev  0x000017f1      0x2cc ./Drivers/STM32F0xx_HAL_Driver/Src/stm32f0xx_hal_uart.o

.debug_aranges  0x00000000      0x918
 .debug_aranges
                0x00000000       0x60 ./Core/Src/main.o
 .debug_aranges
                0x00000060      0x2b8 ./Core/Src/nanomodbus.o
 .debug_aranges
                0x00000318       0x30 ./Core/Src/stm32f0xx_hal_msp.o
 .debug_aranges
                0x00000348       0x48 ./Core/Src/stm32f0xx_it.o
 .debug_aranges
                0x00000390       0x28 ./Core/Src/system_stm32f0xx.o
 .debug_aranges
                0x000003b8       0x28 ./Core/Startup/startup_stm32f030r8tx.o
 .debug_aranges
                0x000003e0       0xd0 ./Drivers/STM32F0xx_HAL_Driver/Src/stm32f0xx_hal.o
 .debug_aranges
                0x000004b0       0xc0 ./Drivers/STM32F0xx_HAL_Driver/Src/stm32f0xx_hal_cortex.o
 .debug_aranges
                0x00000570       0x88 ./Drivers/STM32F0xx_HAL_Driver/Src/stm32f0xx_hal_dma.o
 .debug_aranges
                0x000005f8       0x58 ./Drivers/STM32F0xx_HAL_Driver/Src/stm32f0xx_hal_gpio.o
 .debug_aranges
                0x00000650       0x80 ./Drivers/STM32F0xx_HAL_Driver/Src/stm32f0xx_hal_rcc.o
 .debug_aranges
                0x000006d0       0x30 ./Drivers/STM32F0xx_HAL_Driver/Src/stm32f0xx_hal_rcc_ex.o
 .debug_aranges
                0x00000700      0x218 ./Drivers/STM32F0xx_HAL_Driver/Src/stm32f0xx_hal_uart.o

.debug_rnglists
                0x00000000      0x71a
 .debug_rnglists
                0x00000000       0x46 ./Core/Src/main.o
 .debug_rnglists
                0x00000046      0x235 ./Core/Src/nanomodbus.o
 .debug_rnglists
                0x0000027b       0x20 ./Core/Src/stm32f0xx_hal_msp.o
 .debug_rnglists
                0x0000029b       0x31 ./Core/Src/stm32f0xx_it.o
 .debug_rnglists
                0x000002cc       0x1a ./Core/Src/system_stm32f0xx.o
 .debug_rnglists
                0x000002e6       0x19 ./Core/Startup/startup_stm32f030r8tx.o
 .debug_rnglists
                0x000002ff       0x97 ./Drivers/STM32F0xx_HAL_Driver/Src/stm32f0xx_hal.o
 .debug_rnglists
                0x00000396       0x8c ./Drivers/STM32F0xx_HAL_Driver/Src/stm32f0xx_hal_cortex.o
 .debug_rnglists
                0x00000422       0x6a ./Drivers/STM32F0xx_HAL_Driver/Src/stm32f0xx_hal_dma.o
 .debug_rnglists
                0x0000048c       0x3f ./Drivers/STM32F0xx_HAL_Driver/Src/stm32f0xx_hal_gpio.o
 .debug_rnglists
                0x000004cb       0x60 ./Drivers/STM32F0xx_HAL_Driver/Src/stm32f0xx_hal_rcc.o
 .debug_rnglists
                0x0000052b       0x21 ./Drivers/STM32F0xx_HAL_Driver/Src/stm32f0xx_hal_rcc_ex.o
 .debug_rnglists
                0x0000054c      0x1ce ./Drivers/STM32F0xx_HAL_Driver/Src/stm32f0xx_hal_uart.o

.debug_macro    0x00000000     0xf8c9
 .debug_macro   0x00000000      0x2d6 ./Core/Src/main.o
 .debug_macro   0x000002d6      0xa8a ./Core/Src/main.o
 .debug_macro   0x00000d60      0x12d ./Core/Src/main.o
 .debug_macro   0x00000e8d       0x2e ./Core/Src/main.o
 .debug_macro   0x00000ebb       0x22 ./Core/Src/main.o
 .debug_macro   0x00000edd       0x22 ./Core/Src/main.o
 .debug_macro   0x00000eff       0x8e ./Core/Src/main.o
 .debug_macro   0x00000f8d       0x51 ./Core/Src/main.o
 .debug_macro   0x00000fde      0x103 ./Core/Src/main.o
 .debug_macro   0x000010e1       0x6a ./Core/Src/main.o
 .debug_macro   0x0000114b      0x1df ./Core/Src/main.o
 .debug_macro   0x0000132a       0x1c ./Core/Src/main.o
 .debug_macro   0x00001346       0x22 ./Core/Src/main.o
 .debug_macro   0x00001368       0xaf ./Core/Src/main.o
 .debug_macro   0x00001417      0x391 ./Core/Src/main.o
 .debug_macro   0x000017a8     0x6f47 ./Core/Src/main.o
 .debug_macro   0x000086ef       0x66 ./Core/Src/main.o
 .debug_macro   0x00008755     0x34da ./Core/Src/main.o
 .debug_macro   0x0000bc2f      0x189 ./Core/Src/main.o
 .debug_macro   0x0000bdb8       0x55 ./Core/Src/main.o
 .debug_macro   0x0000be0d      0x924 ./Core/Src/main.o
 .debug_macro   0x0000c731      0x17f ./Core/Src/main.o
 .debug_macro   0x0000c8b0      0x1ae ./Core/Src/main.o
 .debug_macro   0x0000ca5e       0xd8 ./Core/Src/main.o
 .debug_macro   0x0000cb36      0x1a0 ./Core/Src/main.o
 .debug_macro   0x0000ccd6      0x1ed ./Core/Src/main.o
 .debug_macro   0x0000cec3       0x34 ./Core/Src/main.o
 .debug_macro   0x0000cef7       0x43 ./Core/Src/main.o
 .debug_macro   0x0000cf3a       0x28 ./Core/Src/main.o
 .debug_macro   0x0000cf62       0xb0 ./Core/Src/main.o
 .debug_macro   0x0000d012      0x199 ./Core/Src/main.o
 .debug_macro   0x0000d1ab      0x22c ./Core/Src/main.o
 .debug_macro   0x0000d3d7       0x61 ./Core/Src/main.o
 .debug_macro   0x0000d438       0xa5 ./Core/Src/main.o
 .debug_macro   0x0000d4dd       0x4c ./Core/Src/main.o
 .debug_macro   0x0000d529       0x2b ./Core/Src/main.o
 .debug_macro   0x0000d554      0x56d ./Core/Src/main.o
 .debug_macro   0x0000dac1       0x3e ./Core/Src/main.o
 .debug_macro   0x0000daff       0xff ./Core/Src/main.o
 .debug_macro   0x0000dbfe       0x58 ./Core/Src/main.o
 .debug_macro   0x0000dc56       0x22 ./Core/Src/main.o
 .debug_macro   0x0000dc78       0x61 ./Core/Src/main.o
 .debug_macro   0x0000dcd9       0x24 ./Core/Src/main.o
 .debug_macro   0x0000dcfd       0x43 ./Core/Src/main.o
 .debug_macro   0x0000dd40       0x34 ./Core/Src/main.o
 .debug_macro   0x0000dd74       0x16 ./Core/Src/main.o
 .debug_macro   0x0000dd8a       0x43 ./Core/Src/main.o
 .debug_macro   0x0000ddcd       0x34 ./Core/Src/main.o
 .debug_macro   0x0000de01       0x10 ./Core/Src/main.o
 .debug_macro   0x0000de11       0x58 ./Core/Src/main.o
 .debug_macro   0x0000de69       0x8e ./Core/Src/main.o
 .debug_macro   0x0000def7       0x1c ./Core/Src/main.o
 .debug_macro   0x0000df13      0x177 ./Core/Src/main.o
 .debug_macro   0x0000e08a      0x369 ./Core/Src/main.o
 .debug_macro   0x0000e3f3       0x10 ./Core/Src/main.o
 .debug_macro   0x0000e403       0x35 ./Core/Src/main.o
 .debug_macro   0x0000e438       0x20 ./Core/Src/main.o
 .debug_macro   0x0000e458       0x2f ./Core/Src/main.o
 .debug_macro   0x0000e487       0x1c ./Core/Src/main.o
 .debug_macro   0x0000e4a3       0x10 ./Core/Src/main.o
 .debug_macro   0x0000e4b3       0x1c ./Core/Src/main.o
 .debug_macro   0x0000e4cf       0x16 ./Core/Src/main.o
 .debug_macro   0x0000e4e5      0x146 ./Core/Src/main.o
 .debug_macro   0x0000e62b      0x15a ./Core/Src/nanomodbus.o
 .debug_macro   0x0000e785      0x1bc ./Core/Src/stm32f0xx_hal_msp.o
 .debug_macro   0x0000e941      0x1c6 ./Core/Src/stm32f0xx_it.o
 .debug_macro   0x0000eb07      0x1ad ./Core/Src/system_stm32f0xx.o
 .debug_macro   0x0000ecb4      0x1d1 ./Drivers/STM32F0xx_HAL_Driver/Src/stm32f0xx_hal.o
 .debug_macro   0x0000ee85      0x1ad ./Drivers/STM32F0xx_HAL_Driver/Src/stm32f0xx_hal_cortex.o
 .debug_macro   0x0000f032      0x1ad ./Drivers/STM32F0xx_HAL_Driver/Src/stm32f0xx_hal_dma.o
 .debug_macro   0x0000f1df      0x1b4 ./Drivers/STM32F0xx_HAL_Driver/Src/stm32f0xx_hal_gpio.o
 .debug_macro   0x0000f393      0x1bf ./Drivers/STM32F0xx_HAL_Driver/Src/stm32f0xx_hal_rcc.o
 .debug_macro   0x0000f552      0x1ad ./Drivers/STM32F0xx_HAL_Driver/Src/stm32f0xx_hal_rcc_ex.o
 .debug_macro   0x0000f6ff      0x1ca ./Drivers/STM32F0xx_HAL_Driver/Src/stm32f0xx_hal_uart.o

.debug_line     0x00000000     0xb22d
 .debug_line    0x00000000      0xa8e ./Core/Src/main.o
 .debug_line    0x00000a8e     0x21b6 ./Core/Src/nanomodbus.o
 .debug_line    0x00002c44      0x78a ./Core/Src/stm32f0xx_hal_msp.o
 .debug_line    0x000033ce      0x7b6 ./Core/Src/stm32f0xx_it.o
 .debug_line    0x00003b84      0x7a9 ./Core/Src/system_stm32f0xx.o
 .debug_line    0x0000432d       0x7b ./Core/Startup/startup_stm32f030r8tx.o
 .debug_line    0x000043a8      0x9b4 ./Drivers/STM32F0xx_HAL_Driver/Src/stm32f0xx_hal.o
 .debug_line    0x00004d5c      0xa60 ./Drivers/STM32F0xx_HAL_Driver/Src/stm32f0xx_hal_cortex.o
 .debug_line    0x000057bc      0xcd8 ./Drivers/STM32F0xx_HAL_Driver/Src/stm32f0xx_hal_dma.o
 .debug_line    0x00006494      0xb4d ./Drivers/STM32F0xx_HAL_Driver/Src/stm32f0xx_hal_gpio.o
 .debug_line    0x00006fe1      0xd99 ./Drivers/STM32F0xx_HAL_Driver/Src/stm32f0xx_hal_rcc.o
 .debug_line    0x00007d7a      0x910 ./Drivers/STM32F0xx_HAL_Driver/Src/stm32f0xx_hal_rcc_ex.o
 .debug_line    0x0000868a     0x2ba3 ./Drivers/STM32F0xx_HAL_Driver/Src/stm32f0xx_hal_uart.o

.debug_str      0x00000000    0x5db22
 .debug_str     0x00000000    0x5b954 ./Core/Src/main.o
                              0x5bd93 (size before relaxing)
 .debug_str     0x0005b954      0xb5a ./Core/Src/nanomodbus.o
                               0x8412 (size before relaxing)
 .debug_str     0x0005c4ae      0x1ca ./Core/Src/stm32f0xx_hal_msp.o
                              0x57e3c (size before relaxing)
 .debug_str     0x0005c678       0xa8 ./Core/Src/stm32f0xx_it.o
                              0x57beb (size before relaxing)
 .debug_str     0x0005c720       0x8b ./Core/Src/system_stm32f0xx.o
                              0x576b4 (size before relaxing)
 .debug_str     0x0005c7ab       0x44 ./Core/Startup/startup_stm32f030r8tx.o
                                 0x8b (size before relaxing)
 .debug_str     0x0005c7ef      0x384 ./Drivers/STM32F0xx_HAL_Driver/Src/stm32f0xx_hal.o
                              0x57c48 (size before relaxing)
 .debug_str     0x0005cb73      0x18d ./Drivers/STM32F0xx_HAL_Driver/Src/stm32f0xx_hal_cortex.o
                              0x57a39 (size before relaxing)
 .debug_str     0x0005cd00      0x24d ./Drivers/STM32F0xx_HAL_Driver/Src/stm32f0xx_hal_dma.o
                              0x57a5a (size before relaxing)
 .debug_str     0x0005cf4d      0x113 ./Drivers/STM32F0xx_HAL_Driver/Src/stm32f0xx_hal_gpio.o
                              0x57855 (size before relaxing)
 .debug_str     0x0005d060      0x21a ./Drivers/STM32F0xx_HAL_Driver/Src/stm32f0xx_hal_rcc.o
                              0x57af0 (size before relaxing)
 .debug_str     0x0005d27a       0x97 ./Drivers/STM32F0xx_HAL_Driver/Src/stm32f0xx_hal_rcc_ex.o
                              0x577fd (size before relaxing)
 .debug_str     0x0005d311      0x811 ./Drivers/STM32F0xx_HAL_Driver/Src/stm32f0xx_hal_uart.o
                              0x583cd (size before relaxing)

.comment        0x00000000       0x43
 .comment       0x00000000       0x43 ./Core/Src/main.o
                                 0x44 (size before relaxing)
 .comment       0x00000043       0x44 ./Core/Src/nanomodbus.o
 .comment       0x00000043       0x44 ./Core/Src/stm32f0xx_hal_msp.o
 .comment       0x00000043       0x44 ./Core/Src/stm32f0xx_it.o
 .comment       0x00000043       0x44 ./Core/Src/system_stm32f0xx.o
 .comment       0x00000043       0x44 ./Drivers/STM32F0xx_HAL_Driver/Src/stm32f0xx_hal.o
 .comment       0x00000043       0x44 ./Drivers/STM32F0xx_HAL_Driver/Src/stm32f0xx_hal_cortex.o
 .comment       0x00000043       0x44 ./Drivers/STM32F0xx_HAL_Driver/Src/stm32f0xx_hal_dma.o
 .comment       0x00000043       0x44 ./Drivers/STM32F0xx_HAL_Driver/Src/stm32f0xx_hal_gpio.o
 .comment       0x00000043       0x44 ./Drivers/STM32F0xx_HAL_Driver/Src/stm32f0xx_hal_rcc.o
 .comment       0x00000043       0x44 ./Drivers/STM32F0xx_HAL_Driver/Src/stm32f0xx_hal_rcc_ex.o
 .comment       0x00000043       0x44 ./Drivers/STM32F0xx_HAL_Driver/Src/stm32f0xx_hal_uart.o

.debug_frame    0x00000000     0x20b4
 .debug_frame   0x00000000      0x12c ./Core/Src/main.o
 .debug_frame   0x0000012c      0xb6c ./Core/Src/nanomodbus.o
 .debug_frame   0x00000c98       0x70 ./Core/Src/stm32f0xx_hal_msp.o
 .debug_frame   0x00000d08       0xb8 ./Core/Src/stm32f0xx_it.o
 .debug_frame   0x00000dc0       0x4c ./Core/Src/system_stm32f0xx.o
 .debug_frame   0x00000e0c      0x2a4 ./Drivers/STM32F0xx_HAL_Driver/Src/stm32f0xx_hal.o
 .debug_frame   0x000010b0      0x2a0 ./Drivers/STM32F0xx_HAL_Driver/Src/stm32f0xx_hal_cortex.o
 .debug_frame   0x00001350      0x1d0 ./Drivers/STM32F0xx_HAL_Driver/Src/stm32f0xx_hal_dma.o
 .debug_frame   0x00001520      0x110 ./Drivers/STM32F0xx_HAL_Driver/Src/stm32f0xx_hal_gpio.o
 .debug_frame   0x00001630      0x198 ./Drivers/STM32F0xx_HAL_Driver/Src/stm32f0xx_hal_rcc.o
 .debug_frame   0x000017c8       0x70 ./Drivers/STM32F0xx_HAL_Driver/Src/stm32f0xx_hal_rcc_ex.o
 .debug_frame   0x00001838      0x810 ./Drivers/STM32F0xx_HAL_Driver/Src/stm32f0xx_hal_uart.o
 .debug_frame   0x00002048       0x20 C:/ST/STM32CubeIDE_1.12.1/STM32CubeIDE/plugins/com.st.stm32cube.ide.mcu.externaltools.gnu-tools-for-stm32.12.3.rel1.win32_1.0.100.202403111256/tools/bin/../lib/gcc/arm-none-eabi/12.3.1/../../../../arm-none-eabi/lib/thumb/v6-m/nofp\libc_nano.a(libc_a-memset.o)
 .debug_frame   0x00002068       0x2c C:/ST/STM32CubeIDE_1.12.1/STM32CubeIDE/plugins/com.st.stm32cube.ide.mcu.externaltools.gnu-tools-for-stm32.12.3.rel1.win32_1.0.100.202403111256/tools/bin/../lib/gcc/arm-none-eabi/12.3.1/../../../../arm-none-eabi/lib/thumb/v6-m/nofp\libc_nano.a(libc_a-init.o)
 .debug_frame   0x00002094       0x20 C:/ST/STM32CubeIDE_1.12.1/STM32CubeIDE/plugins/com.st.stm32cube.ide.mcu.externaltools.gnu-tools-for-stm32.12.3.rel1.win32_1.0.100.202403111256/tools/bin/../lib/gcc/arm-none-eabi/12.3.1/thumb/v6-m/nofp\libgcc.a(_udivsi3.o)

.debug_line_str
                0x00000000       0x6f
 .debug_line_str
                0x00000000       0x6f ./Core/Startup/startup_stm32f030r8tx.o
